gc-start:0
gc-done:0
gc-start:1
gc-done:0
gc-start:2
gc-done:0
gc-start:2
gc-done:1
