gc__start:0
gc__done:0
gc__start:1
gc__done:0
gc__start:2
gc__done:0
gc__start:2
gc__done:1
